<html>
<body>
<pre>
<h1>µVision Build Log</h1>
<h2>Project:</h2>
D:\Users\Connor\Documents\Classes\Graduate Classes\Embedded Systems (MOOC)\Connorware\C2\C2.uvproj
Project File Date:  08/27/2020

<h2>Output:</h2>
Build target 'C2'
compiling main.c...
linking...
Program Size: Code=2744 RO-data=2064 RW-data=52 ZI-data=1756  
".\C2.axf" - 0 Error(s), 0 Warning(s).
</pre>
</body>
</html>
ist image symbols.
Finished: 1 information, 0 warning and 1 error messages.
".\C2.axf" - 1 Error(s), 0 Warning(s).
Target not created
