<html>
<body>
<pre>
<h1>µVision Build Log</h1>
<h2>Project:</h2>
C:\Users\Connor\source\repos\ConnorCrwf\EmbdSysMOOC_Labs_Keil_v4\ConnorWare\C6\C6.uvproj
Project File Date:  12/20/2020

<h2>Output:</h2>
Build target 'C6'
compiling BranchingFunctionsDelays.c...
linking...
Program Size: Code=3704 RO-data=5996 RW-data=56 ZI-data=1752  
".\C6.axf" - 0 Error(s), 0 Warning(s).
Load "C:\\Users\\Connor\\source\\repos\\ConnorCrwf\\EmbdSysMOOC_Labs_Keil_v4\\ConnorWare\\C6\\C6.axf" 
Connecting: Mode=JTAG, Speed=1000000Hz
Erase Done.
Programming Done.
Verify OK.
</pre>
</body>
</html>
