<html>
<body>
<pre>
<h1>µVision Build Log</h1>
<h2>Project:</h2>
C:\Users\Connor\source\repos\ConnorCrwf\EmbdSysMOOC_Labs_Keil_v4\ConnorWare\Lab7_Solution\Lab7_Solution.uvproj
Project File Date:  01/04/2021

<h2>Output:</h2>
Build target 'Lab7_Solution'
assembling startup.s...
compiling Lab7_solution.c...
linking...
Program Size: Code=4276 RO-data=6156 RW-data=80 ZI-data=1752  
".\Lab7_Solution.axf" - 0 Error(s), 0 Warning(s).
</pre>
</body>
</html>
\EmbdSysMOOC_Labs_Keil_v4\\ConnorWare\\Lab7_Solution\\Lab7_Solution.axf" 
Connecting: Mode=JTAG, Speed=1000000Hz
Erase Done.
Programming Done.
Verify OK.
Clean started: Project: 'Lab7_Solution'
   deleting intermediate output files for target 'Lab7_Solution'
orWare\\Lab7_Solution\\Lab7_Solution.axf" 
Connecting: Mode=JTAG, Speed=1000000Hz
Erase Done.
Programming Done.
Verify OK.
