<html>
<body>
<pre>
<h1>µVision Build Log</h1>
<h2>Project:</h2>
C:\Users\Connor\source\repos\ConnorCrwf\EmbdSysMOOC_Labs_Keil_v4\TExaSware\C8_Security\C8.uvproj
Project File Date:  01/18/2015

<h2>Output:</h2>
Build target 'SwitchLight'
linking...
Program Size: Code=2404 RO-data=272 RW-data=56 ZI-data=1176  
".\SwitchLight.axf" - 0 Error(s), 0 Warning(s).
</pre>
</body>
</html>
(s), 0 Warning(s).
Load "C:\\Users\\Connor\\source\\repos\\ConnorCrwf\\EmbdSysMOOC_Labs_Keil_v4\\TExaSware\\C8_Security\\SwitchLight.axf" 
Connecting: Mode=JTAG, Speed=1000000Hz
Erase Done.
Programming Done.
Verify OK.
