<html>
<body>
<pre>
<h1>µVision Build Log</h1>
<h2>Project:</h2>
C:\Users\Connor\source\repos\ConnorCrwf\EmbdSysMOOC_Labs_Keil_v4\TExaSware\C8_LED\LED.uvproj
Project File Date:  02/10/2014

<h2>Output:</h2>
Build target 'LED'
compiling LED.c...
linking...
Program Size: Code=1152 RO-data=16 RW-data=0 ZI-data=1120  
".\LED.axf" - 0 Error(s), 0 Warning(s).
Load "C:\\Users\\Connor\\source\\repos\\ConnorCrwf\\EmbdSysMOOC_Labs_Keil_v4\\TExaSware\\C8_LED\\LED.axf" 
Connecting: Mode=JTAG, Speed=1000000Hz
Erase Done.
Programming Done.
Verify OK.
Load "C:\\Users\\Connor\\source\\repos\\ConnorCrwf\\EmbdSysMOOC_Labs_Keil_v4\\TExaSware\\C8_LED\\LED.axf" 
Connecting: Mode=JTAG, Speed=1000000Hz
Erase Done.
Programming Done.
Verify OK.
</pre>
</body>
</html>
