<html>
<body>
<pre>
<h1>µVision Build Log</h1>
<h2>Project:</h2>
C:\Users\Connor\source\repos\ConnorCrwf\EmbdSysMOOC_Labs_Keil_v4\TExaSware\C10_LineTracker\LineTracker.uvproj
Project File Date:  06/30/2014

<h2>Output:</h2>
Build target 'LineTracker'
compiling LineTracker.c...
linking...
Program Size: Code=1372 RO-data=104 RW-data=24 ZI-data=1120  
".\LineTracker.axf" - 0 Error(s), 0 Warning(s).
</pre>
</body>
</html>
axf" - 1 Error(s), 0 Warning(s).
Target not created

LineTracker.c: 1 warning, 1 error
".\LineTracker.axf" - 1 Error(s), 1 Warning(s).
Target not created
